
> systemdeck@1.7.0 build
> wp-scripts build

assets by status 132 KiB [cached] 4 assets
Entrypoint systemdeck-runtime = ./style-systemdeck-runtime.css systemdeck-runtime.css systemdeck-runtime.js systemdeck-runtime.asset.php
orphan modules 195 KiB (javascript) 1.95 KiB (runtime) [orphan] 35 modules
runtime modules 3.5 KiB 6 modules
built modules 168 KiB (javascript) 25.9 KiB (css/mini-extract) [built]
  javascript modules 168 KiB
    ./src/index.js + 21 modules 168 KiB [not cacheable] [built] [code generated]
    ./assets/js/runtime/workspace/canvases/WorkspaceCanvas.js 39 bytes [built] [code generated] [1 error]
  css modules 25.9 KiB
    css ./node_modules/css-loader/dist/cjs.js??ruleSet[1].rules[2].use[1]!./node_modules/postcss-loader/dist/cjs.js??ruleSet[1].rules[2].use[2]!./node_modules/sass-loader/dist/cjs.js??ruleSet[1].rules[2].use[3]!./src/style.scss 8.55 KiB [built] [code generated]
    css ./node_modules/css-loader/dist/cjs.js??ruleSet[1].rules[1].use[1]!./node_modules/postcss-loader/dist/cjs.js??ruleSet[1].rules[1].use[2]!./assets/css/command-center/DiscoveryCanvas.css 17.3 KiB [built] [code generated]

LOG from ./node_modules/sass-loader/dist/cjs.js sass-loader ./node_modules/css-loader/dist/cjs.js??ruleSet[1].rules[2].use[1]!./node_modules/postcss-loader/dist/cjs.js??ruleSet[1].rules[2].use[2]!./node_modules/sass-loader/dist/cjs.js??ruleSet[1].rules[2].use[3]!./src/style.scss
<w> Deprecation The legacy JS API is deprecated and will be removed in Dart Sass 2.0.0.
<w> 
<w> More info: https://sass-lang.com/d/legacy-js-api
<w> 
<w> null

ERROR in ./assets/js/runtime/workspace/canvases/WorkspaceCanvas.js
Module build failed (from ./node_modules/babel-loader/lib/index.js):
SyntaxError: /Users/glwalker/DevKinsta/public/jackbutt/wp-content/plugins/systemdeck/assets/js/runtime/workspace/canvases/WorkspaceCanvas.js: Unexpected token, expected "," (1551:8)

  1549 | 											</article>
  1550 | 										</div>
> 1551 | 								})}
       | 								^
  1552 | 							</div>
  1553 | 						</section>
  1554 | 					)}
    at constructor (/Users/glwalker/DevKinsta/public/jackbutt/wp-content/plugins/systemdeck/node_modules/@babel/parser/lib/index.js:365:19)
    at JSXParserMixin.raise (/Users/glwalker/DevKinsta/public/jackbutt/wp-content/plugins/systemdeck/node_modules/@babel/parser/lib/index.js:6599:19)
    at JSXParserMixin.unexpected (/Users/glwalker/DevKinsta/public/jackbutt/wp-content/plugins/systemdeck/node_modules/@babel/parser/lib/index.js:6619:16)
    at JSXParserMixin.expect (/Users/glwalker/DevKinsta/public/jackbutt/wp-content/plugins/systemdeck/node_modules/@babel/parser/lib/index.js:6899:12)
    at JSXParserMixin.parseParenAndDistinguishExpression (/Users/glwalker/DevKinsta/public/jackbutt/wp-content/plugins/systemdeck/node_modules/@babel/parser/lib/index.js:11661:14)
    at JSXParserMixin.parseExprAtom (/Users/glwalker/DevKinsta/public/jackbutt/wp-content/plugins/systemdeck/node_modules/@babel/parser/lib/index.js:11331:23)
    at JSXParserMixin.parseExprAtom (/Users/glwalker/DevKinsta/public/jackbutt/wp-content/plugins/systemdeck/node_modules/@babel/parser/lib/index.js:4764:20)
    at JSXParserMixin.parseExprSubscripts (/Users/glwalker/DevKinsta/public/jackbutt/wp-content/plugins/systemdeck/node_modules/@babel/parser/lib/index.js:11081:23)
    at JSXParserMixin.parseUpdate (/Users/glwalker/DevKinsta/public/jackbutt/wp-content/plugins/systemdeck/node_modules/@babel/parser/lib/index.js:11066:21)
    at JSXParserMixin.parseMaybeUnary (/Users/glwalker/DevKinsta/public/jackbutt/wp-content/plugins/systemdeck/node_modules/@babel/parser/lib/index.js:11046:23)
    at JSXParserMixin.parseMaybeUnaryOrPrivate (/Users/glwalker/DevKinsta/public/jackbutt/wp-content/plugins/systemdeck/node_modules/@babel/parser/lib/index.js:10899:61)
    at JSXParserMixin.parseExprOps (/Users/glwalker/DevKinsta/public/jackbutt/wp-content/plugins/systemdeck/node_modules/@babel/parser/lib/index.js:10904:23)
    at JSXParserMixin.parseMaybeConditional (/Users/glwalker/DevKinsta/public/jackbutt/wp-content/plugins/systemdeck/node_modules/@babel/parser/lib/index.js:10881:23)
    at JSXParserMixin.parseMaybeAssign (/Users/glwalker/DevKinsta/public/jackbutt/wp-content/plugins/systemdeck/node_modules/@babel/parser/lib/index.js:10831:21)
    at JSXParserMixin.parseExpressionBase (/Users/glwalker/DevKinsta/public/jackbutt/wp-content/plugins/systemdeck/node_modules/@babel/parser/lib/index.js:10784:23)
    at /Users/glwalker/DevKinsta/public/jackbutt/wp-content/plugins/systemdeck/node_modules/@babel/parser/lib/index.js:10780:39
    at JSXParserMixin.allowInAnd (/Users/glwalker/DevKinsta/public/jackbutt/wp-content/plugins/systemdeck/node_modules/@babel/parser/lib/index.js:12421:16)
    at JSXParserMixin.parseExpression (/Users/glwalker/DevKinsta/public/jackbutt/wp-content/plugins/systemdeck/node_modules/@babel/parser/lib/index.js:10780:17)
    at JSXParserMixin.parseReturnStatement (/Users/glwalker/DevKinsta/public/jackbutt/wp-content/plugins/systemdeck/node_modules/@babel/parser/lib/index.js:13142:28)
    at JSXParserMixin.parseStatementContent (/Users/glwalker/DevKinsta/public/jackbutt/wp-content/plugins/systemdeck/node_modules/@babel/parser/lib/index.js:12798:21)
    at JSXParserMixin.parseStatementLike (/Users/glwalker/DevKinsta/public/jackbutt/wp-content/plugins/systemdeck/node_modules/@babel/parser/lib/index.js:12767:17)
    at JSXParserMixin.parseStatementListItem (/Users/glwalker/DevKinsta/public/jackbutt/wp-content/plugins/systemdeck/node_modules/@babel/parser/lib/index.js:12747:17)
    at JSXParserMixin.parseBlockOrModuleBlockBody (/Users/glwalker/DevKinsta/public/jackbutt/wp-content/plugins/systemdeck/node_modules/@babel/parser/lib/index.js:13316:61)
    at JSXParserMixin.parseBlockBody (/Users/glwalker/DevKinsta/public/jackbutt/wp-content/plugins/systemdeck/node_modules/@babel/parser/lib/index.js:13309:10)
    at JSXParserMixin.parseBlock (/Users/glwalker/DevKinsta/public/jackbutt/wp-content/plugins/systemdeck/node_modules/@babel/parser/lib/index.js:13297:10)
    at JSXParserMixin.parseFunctionBody (/Users/glwalker/DevKinsta/public/jackbutt/wp-content/plugins/systemdeck/node_modules/@babel/parser/lib/index.js:12100:24)
    at JSXParserMixin.parseArrowExpression (/Users/glwalker/DevKinsta/public/jackbutt/wp-content/plugins/systemdeck/node_modules/@babel/parser/lib/index.js:12075:10)
    at JSXParserMixin.parseParenAndDistinguishExpression (/Users/glwalker/DevKinsta/public/jackbutt/wp-content/plugins/systemdeck/node_modules/@babel/parser/lib/index.js:11687:12)
    at JSXParserMixin.parseExprAtom (/Users/glwalker/DevKinsta/public/jackbutt/wp-content/plugins/systemdeck/node_modules/@babel/parser/lib/index.js:11331:23)
    at JSXParserMixin.parseExprAtom (/Users/glwalker/DevKinsta/public/jackbutt/wp-content/plugins/systemdeck/node_modules/@babel/parser/lib/index.js:4764:20)
    at JSXParserMixin.parseExprSubscripts (/Users/glwalker/DevKinsta/public/jackbutt/wp-content/plugins/systemdeck/node_modules/@babel/parser/lib/index.js:11081:23)
    at JSXParserMixin.parseUpdate (/Users/glwalker/DevKinsta/public/jackbutt/wp-content/plugins/systemdeck/node_modules/@babel/parser/lib/index.js:11066:21)
    at JSXParserMixin.parseMaybeUnary (/Users/glwalker/DevKinsta/public/jackbutt/wp-content/plugins/systemdeck/node_modules/@babel/parser/lib/index.js:11046:23)
    at JSXParserMixin.parseMaybeUnaryOrPrivate (/Users/glwalker/DevKinsta/public/jackbutt/wp-content/plugins/systemdeck/node_modules/@babel/parser/lib/index.js:10899:61)
    at JSXParserMixin.parseExprOps (/Users/glwalker/DevKinsta/public/jackbutt/wp-content/plugins/systemdeck/node_modules/@babel/parser/lib/index.js:10904:23)
    at JSXParserMixin.parseMaybeConditional (/Users/glwalker/DevKinsta/public/jackbutt/wp-content/plugins/systemdeck/node_modules/@babel/parser/lib/index.js:10881:23)
    at JSXParserMixin.parseMaybeAssign (/Users/glwalker/DevKinsta/public/jackbutt/wp-content/plugins/systemdeck/node_modules/@babel/parser/lib/index.js:10831:21)
    at /Users/glwalker/DevKinsta/public/jackbutt/wp-content/plugins/systemdeck/node_modules/@babel/parser/lib/index.js:10800:39
    at JSXParserMixin.allowInAnd (/Users/glwalker/DevKinsta/public/jackbutt/wp-content/plugins/systemdeck/node_modules/@babel/parser/lib/index.js:12426:12)
    at JSXParserMixin.parseMaybeAssignAllowIn (/Users/glwalker/DevKinsta/public/jackbutt/wp-content/plugins/systemdeck/node_modules/@babel/parser/lib/index.js:10800:17)
    at JSXParserMixin.parseMaybeAssignAllowInOrVoidPattern (/Users/glwalker/DevKinsta/public/jackbutt/wp-content/plugins/systemdeck/node_modules/@babel/parser/lib/index.js:12493:17)
    at JSXParserMixin.parseExprListItem (/Users/glwalker/DevKinsta/public/jackbutt/wp-content/plugins/systemdeck/node_modules/@babel/parser/lib/index.js:12175:18)
    at JSXParserMixin.parseCallExpressionArguments (/Users/glwalker/DevKinsta/public/jackbutt/wp-content/plugins/systemdeck/node_modules/@babel/parser/lib/index.js:11252:22)
    at JSXParserMixin.parseCoverCallAndAsyncArrowHead (/Users/glwalker/DevKinsta/public/jackbutt/wp-content/plugins/systemdeck/node_modules/@babel/parser/lib/index.js:11186:29)
    at JSXParserMixin.parseSubscript (/Users/glwalker/DevKinsta/public/jackbutt/wp-content/plugins/systemdeck/node_modules/@babel/parser/lib/index.js:11120:19)
    at JSXParserMixin.parseSubscripts (/Users/glwalker/DevKinsta/public/jackbutt/wp-content/plugins/systemdeck/node_modules/@babel/parser/lib/index.js:11094:19)
    at JSXParserMixin.parseExprSubscripts (/Users/glwalker/DevKinsta/public/jackbutt/wp-content/plugins/systemdeck/node_modules/@babel/parser/lib/index.js:11085:17)
    at JSXParserMixin.parseUpdate (/Users/glwalker/DevKinsta/public/jackbutt/wp-content/plugins/systemdeck/node_modules/@babel/parser/lib/index.js:11066:21)
    at JSXParserMixin.parseMaybeUnary (/Users/glwalker/DevKinsta/public/jackbutt/wp-content/plugins/systemdeck/node_modules/@babel/parser/lib/index.js:11046:23)
    at JSXParserMixin.parseMaybeUnaryOrPrivate (/Users/glwalker/DevKinsta/public/jackbutt/wp-content/plugins/systemdeck/node_modules/@babel/parser/lib/index.js:10899:61)
 @ ./assets/js/runtime/workspace/CanvasManager.js 5:0-57 182:19-34
 @ ./src/index.js 3:0-73 32:23-36

webpack 5.105.0 compiled with 1 error in 1764 ms
